// Jest Snapshot v1, https://goo.gl/fbAQLP

exports[`#emit() should return formatted namespace 1`] = `
"/**
 * Line 1
 * Line 2
 */
declare namespace Test {
}"
`;
