// Jest Snapshot v1, https://goo.gl/fbAQLP

exports[`#emit() should return correctly 1`] = `"A.B.[emit-brackets [InterfaceType undefined]][\\"y\\"][[BasicType any]]"`;
