// Jest Snapshot v1, https://goo.gl/fbAQLP

exports[`should return correctly with value 1`] = `"export = xyz;"`;

exports[`should return correctly with value, parents 1`] = `"export = a.b.c.xyz;"`;
