// Jest Snapshot v1, https://goo.gl/fbAQLP

exports[`should return extends with emitted type while extends is not null and stack is GenericDefinition 1`] = `" extends [BasicType A]"`;
