// Jest Snapshot v1, https://goo.gl/fbAQLP

exports[`should return indented members while there are children 1`] = `
"{
[indent-every-line
  [emit-elements
    [ObjectMember [emit-jsdoc][VariableDeclaration x]]
    [ObjectMember [emit-jsdoc][VariableDeclaration y]]
  ]
]
}"
`;
