// Jest Snapshot v1, https://goo.gl/fbAQLP

exports[`#emit() should return correctly 1`] = `"[emit-jsdoc][emit-abstract]class [emit_declaration_name \\"Test\\"][emit-generics][emit-extends] [emit-object]"`;
