// Jest Snapshot v1, https://goo.gl/fbAQLP

exports[`#emit() should return correctly 1`] = `"[emit-jsdoc][emit-export]interface A[emit-generics] [emit-members]"`;
