// Jest Snapshot v1, https://goo.gl/fbAQLP

exports[`#emit() should return correctly 1`] = `"[emit-jsdoc][emit-export]type A[emit-generics] = [BasicType any];"`;
