// Jest Snapshot v1, https://goo.gl/fbAQLP

exports[`#emit() should return correctly 1`] = `"[emit-declare]const A[emit-optional]: [BasicType B];"`;
