// Jest Snapshot v1, https://goo.gl/fbAQLP

exports[`should return correctly with name 1`] = `"a: any"`;

exports[`should return correctly with name, rest 1`] = `"...a: any[]"`;

exports[`should return correctly with name, type, optional 1`] = `"a?: string"`;
