// Jest Snapshot v1, https://goo.gl/fbAQLP

exports[`should return correctly with name 1`] = `"T"`;
