// Jest Snapshot v1, https://goo.gl/fbAQLP

exports[`should return correctly with name (TypeDeclaration) 1`] = `"Something"`;

exports[`should return correctly with name (string) 1`] = `"Something"`;

exports[`should return correctly with name, generics 1`] = `"Something<any, string>"`;
