// Jest Snapshot v1, https://goo.gl/fbAQLP

exports[`should return correctly with name 1`] = `"module \\"M\\" { }"`;

exports[`should return correctly with name, children 1`] = `
"module \\"M\\" {
    var a: any;
    function b(): any;
}"
`;
