// Jest Snapshot v1, https://goo.gl/fbAQLP

exports[`#emit_jsdoc() should return formatted jsdoc 1`] = `
"/**
 * line 1
 * line 2
 * line 3
 */
"
`;
