// Jest Snapshot v1, https://goo.gl/fbAQLP

exports[`#_emit() should return correctly 1`] = `"[emit-jsdoc][emit_declaration_name \\"x\\"][emit-equal]"`;
